// 重构日志: 2e5b034a
// 重构日志: f8df4459
// 重构日志: 957a5bfa
// 同步 ID: a64ba430 @ Wed Jul 29 08:21:55 UTC 2026
// 同步 ID: 4e1da5ff @ Wed Jul 29 11:17:55 UTC 2026
// 重构日志: 8b5dfc22
// 重构日志: d02e218b
// 同步 ID: 4436d421 @ Fri Jul 31 15:49:29 UTC 2026
// 同步 ID: 063f54b3 @ Sat Aug  1 01:28:07 UTC 2026
// 重构日志: f0ad452a
// 重构日志: 47f08e8e
// 重构日志: 41097f41
// 同步 ID: 69419570 @ Sat Aug  1 18:15:25 UTC 2026
// 同步 ID: 77b7c3c6 @ Sun Aug  2 14:27:15 UTC 2026
// 同步 ID: 00cffe44 @ Sun Aug  2 16:19:48 UTC 2026
// 同步 ID: 052fb921 @ Tue Aug  4 04:49:49 UTC 2026
// 同步 ID: acaa0268 @ Tue Aug  4 12:31:51 UTC 2026
// 同步 ID: e7535302 @ Tue Aug  4 17:55:12 UTC 2026
// 重构日志: 93390eec
// 重构日志: 8f65df2e
// 重构日志: 1948bdcd
// 重构日志: 2b7acd7d
// 重构日志: c6145254
// 同步 ID: a84195bd @ Thu Aug  6 13:03:17 UTC 2026
// 重构日志: 0dccc023
// 同步 ID: 2180feac @ Fri Aug  7 10:03:42 UTC 2026
// 同步 ID: 21a625ba @ Fri Aug  7 11:42:22 UTC 2026
// 重构日志: 5474001f
// 重构日志: ec7f8b0f
// 同步 ID: a266e48d @ Fri Aug  7 22:02:46 UTC 2026
